0,2026-09-16T15:22:57.164549
5256103,2026-09-16T15:35:10.767047
10500956,2026-09-16T15:41:16.030892
15746651,2026-09-16T15:47:20.989336
20997242,2026-09-16T15:53:26.873223
26248486,2026-09-16T15:59:32.428339
31498685,2026-09-16T16:05:37.930649
36749789,2026-09-16T16:11:42.399041
42002605,2026-09-16T16:20:12.804736
47267780,2026-09-16T18:52:41.782801
52533036,2026-09-16T18:58:47.430746
57798217,2026-09-16T19:48:00.750593
63063529,2026-09-16T20:44:01.281704
68328801,2026-09-16T20:50:06.879024
73594230,2026-09-16T20:56:12.239886
78860039,2026-09-16T21:02:17.250987
84125306,2026-09-16T21:08:23.276784
89391062,2026-09-16T21:14:28.891839
94656275,2026-09-16T21:20:34.498703
99921837,2026-09-16T21:20:34.499436
99922009,2026-09-16T21:26:39.638601
105187245,2026-09-16T21:32:45.207380
110452193,2026-09-16T21:38:51.002234
115717693,2026-09-16T22:05:57.360478
120982579,2026-09-16T22:13:10.923892
126248487,2026-09-16T22:19:15.367307
131515015,2026-09-16T22:25:20.835093
136781857,2026-09-16T22:31:26.264452
142048795,2026-09-16T22:37:31.331727
147315765,2026-09-16T22:43:36.309731
152582594,2026-09-16T22:43:36.310939
152582768,2026-09-16T22:49:41.417613
157849544,2026-09-16T22:55:45.705361
163116082,2026-09-16T23:01:51.091051
168383005,2026-09-16T23:07:56.505401
173649794,2026-09-16T23:14:01.756183
178916906,2026-09-16T23:20:05.873473
184183621,2026-09-16T23:26:11.518953
189450598,2026-09-16T23:32:17.314252
194717683,2026-09-16T23:38:22.417818
199984803,2026-09-16T23:44:27.507179
205251669,2026-09-16T23:50:31.936136
210518159,2026-09-16T23:56:37.703326
215785124,2026-09-17T00:02:42.888612
221052154,2026-09-17T00:08:48.263142
226318699,2026-09-17T00:14:53.092352
231585570,2026-09-17T00:20:59.729200
236852470,2026-09-17T00:27:05.015622
242119442,2026-09-17T00:33:10.035629
247386183,2026-09-17T00:39:15.587291
252653387,2026-09-17T00:45:21.269036
257920438,2026-09-17T00:51:26.866811
263186963,2026-09-17T00:57:32.546927
268453607,2026-09-17T01:03:38.171682
273720291,2026-09-17T01:03:38.172443
273720465,2026-09-17T01:09:43.852792
278987745,2026-09-17T01:15:49.392790
284254401,2026-09-17T01:21:55.106066
289520881,2026-09-17T01:21:55.107032
289521055,2026-09-17T01:28:00.852541
294788004,2026-09-17T01:34:05.541271
300059707,2026-09-17T01:40:10.280761
305316919,2026-09-17T01:46:13.904642
310574247,2026-09-17T01:52:16.508676
315831336,2026-09-17T01:58:21.017741
321088478,2026-09-17T02:04:24.598931
326345389,2026-09-17T02:04:24.599656
326345563,2026-09-17T02:10:28.230090
331602788,2026-09-17T20:21:08.125738
336859763,2026-09-17T20:27:10.738756
342116676,2026-09-17T20:33:13.607701
347374027,2026-09-17T20:39:17.063279
352631412,2026-09-17T20:45:20.464741
357888373,2026-09-17T20:51:23.635979
363145677,2026-09-17T20:57:26.521172
368402509,2026-09-17T21:03:30.526402
373659575,2026-09-17T21:03:30.528894
373659749,2026-09-17T21:11:16.138590
378916669,2026-09-17T21:17:19.233979
384174058,2026-09-17T21:23:21.751338
389430774,2026-09-17T21:29:25.304283
394687898,2026-09-17T21:35:29.182714
399945173,2026-09-17T21:41:32.734203
405201916,2026-09-17T21:41:32.735105
405202089,2026-09-17T21:47:36.336641
410459427,2026-09-17T21:53:39.619208
415716670,2026-09-17T21:59:42.725218
420973701,2026-09-17T22:05:45.188788
426230785,2026-09-17T22:11:49.004554
431487944,2026-09-17T22:17:52.615457
436745384,2026-09-17T22:23:55.690236
442002378,2026-09-17T22:29:58.849632
447259247,2026-09-17T22:36:01.164950
452516195,2026-09-17T22:42:04.470219
457773113,2026-09-17T22:48:07.904770
463029991,2026-09-17T22:54:11.225426
468287203,2026-09-17T23:00:14.810090
473544288,2026-09-17T23:06:18.184929
478801286,2026-09-17T23:12:21.987967
484058704,2026-09-17T23:18:25.546220
489316177,2026-09-17T23:24:29.095395
494573598,2026-09-17T23:30:32.663899
499830897,2026-09-17T23:36:36.323798
505088163,2026-09-17T23:42:39.873043
510345419,2026-09-17T23:48:43.261207
515602592,2026-09-17T23:54:47.139164
520860172,2026-09-18T00:00:50.623288
526117073,2026-09-18T00:06:54.024907
531382328,2026-09-18T00:12:56.354227
536653643,2026-09-18T00:19:00.790298
541924876,2026-09-18T00:25:04.574853
547196589,2026-09-18T00:31:08.102163
552468088,2026-09-18T00:37:11.632427
557739230,2026-09-18T00:43:15.398228
563010704,2026-09-18T00:49:19.005919
568281796,2026-09-18T00:49:19.007588
568281970,2026-09-18T00:55:22.587888
573553347,2026-09-18T01:01:26.113152
578824247,2026-09-18T01:07:28.689754
584096130,2026-09-18T01:13:32.723361
589367419,2026-09-18T01:19:36.235432
594638576,2026-09-18T01:25:39.697933
599909615,2026-09-18T01:31:41.843685
605181304,2026-09-18T01:37:45.488498
610452771,2026-09-18T01:43:49.058566
615723947,2026-09-18T01:49:52.739690
620995400,2026-09-18T01:55:56.310585
626266435,2026-09-18T02:02:00.042844
631537568,2026-09-18T02:08:03.494412
636808478,2026-09-18T02:14:07.351445
642079758,2026-09-18T02:20:11.052023
647350875,2026-09-18T02:26:14.720085
652622252,2026-09-18T02:32:18.305784
657893779,2026-09-18T02:38:21.767942
663164911,2026-09-18T02:44:25.490995
668436417,2026-09-18T02:50:29.097048
673693981,2026-09-18T02:50:29.098583
673694155,2026-09-18T02:56:32.670799
678946380,2026-09-18T03:02:36.365726
684198361,2026-09-18T03:08:40.007818
689450601,2026-09-18T03:14:43.665312
694702285,2026-09-18T03:20:47.288476
699954237,2026-09-18T03:26:50.871167
705206265,2026-09-18T03:32:54.530729
710458219,2026-09-18T03:38:58.237944
715710284,2026-09-18T03:45:01.984273
720962425,2026-09-18T03:51:05.575832
726214188,2026-09-18T03:57:09.171952
731466399,2026-09-18T04:03:12.807310
736718836,2026-09-18T04:03:12.809373
736719010,2026-09-18T04:09:16.471073
741970891,2026-09-18T04:15:20.163671
747223191,2026-09-18T04:21:23.725274
752475287,2026-09-18T04:27:27.366970
757727287,2026-09-18T04:33:30.979779
762979171,2026-09-18T04:33:30.981033
762979344,2026-09-18T04:39:34.725484
768231375,2026-09-18T04:45:38.252246
773483391,2026-09-18T04:51:42.069911
778735315,2026-09-18T04:51:42.071024
778735488,2026-09-18T04:57:45.719882
783987132,2026-09-18T04:57:45.720587
783987306,2026-09-18T05:03:49.350235
789239116,2026-09-18T05:09:53.075385
794491136,2026-09-18T05:15:56.679718
799743089,2026-09-18T05:22:00.142890
804995009,2026-09-18T05:28:04.043848
810247273,2026-09-18T05:34:07.674877
815498974,2026-09-18T05:40:11.318318
820751132,2026-09-18T05:46:14.943207
826003407,2026-09-18T05:52:18.602107
831255645,2026-09-18T05:58:22.252627
836507883,2026-09-18T06:04:25.845671
841759529,2026-09-18T06:10:29.637653
847011756,2026-09-18T06:16:33.196404
852263414,2026-09-18T06:22:36.951581
857515843,2026-09-18T06:28:40.653862
862767988,2026-09-18T06:34:44.345647
868019943,2026-09-18T06:40:47.933550
873272131,2026-09-18T06:46:51.545602
878524131,2026-09-18T06:52:55.140223
883776232,2026-09-18T06:58:58.872429
889028283,2026-09-18T07:05:02.461329
894280029,2026-09-18T07:11:06.209006
899532059,2026-09-18T07:17:09.693894
904783936,2026-09-18T07:23:13.511833
910036270,2026-09-18T07:29:17.225465
915288082,2026-09-18T07:35:20.714061
920540194,2026-09-18T07:41:23.369829
925792240,2026-09-18T07:47:28.059684
931044362,2026-09-18T07:53:31.713308
936296415,2026-09-18T07:59:35.493894
941548759,2026-09-18T08:05:38.876967
946800661,2026-09-18T08:11:41.780475
952052521,2026-09-18T08:17:44.876553
957304597,2026-09-18T08:23:49.614196
962556667,2026-09-18T08:29:53.135668
967808489,2026-09-18T08:29:53.137093
967808662,2026-09-18T08:35:56.844428
973060901,2026-09-18T08:42:00.490919
978313171,2026-09-18T08:48:04.198855
983565180,2026-09-18T10:11:33.416089
988816828,2026-09-18T11:36:19.043078
994068719,2026-09-18T11:42:22.354147
999320433,2026-09-18T11:48:25.712003
1004572768,2026-09-18T11:54:28.227231
1009824491,2026-09-18T12:00:31.719670
1015076133,2026-09-18T12:06:35.084933
1020328581,2026-09-18T12:12:37.506050
1025580503,2026-09-18T12:18:40.876163
1030832458,2026-09-18T12:24:44.238206
1036084667,2026-09-18T12:30:47.362987
1041336824,2026-09-18T12:36:49.795677
1046588672,2026-09-18T12:42:54.122633
1051840962,2026-09-18T12:42:54.124229
1051841136,2026-09-18T12:48:57.614792
1057093159,2026-09-18T12:55:00.051959
1062345029,2026-09-18T13:01:03.479430
1067597067,2026-09-18T13:07:06.892319
1072849256,2026-09-18T13:13:10.032057
1078101173,2026-09-18T13:19:12.527320
1083352913,2026-09-18T13:25:15.993486
1088604922,2026-09-18T13:31:19.361995
1093857204,2026-09-18T14:17:51.917780
1099130625,2026-09-18T15:08:01.770489
1104383026,2026-09-18T15:14:05.007970
1109634728,2026-09-18T15:14:05.009065
1109634902,2026-09-18T15:20:08.101535
1114886819,2026-09-18T17:06:14.075181
1120138800,2026-09-18T19:23:38.131355
1125390329,2026-09-18T19:46:07.436390
1130642290,2026-09-18T19:52:10.898802
1135894361,2026-09-18T19:58:13.420000
1141146088,2026-09-18T20:04:16.879700
1146398370,2026-09-18T20:25:38.744484
1151650355,2026-09-18T22:43:50.448113
1156902531,2026-09-19T00:10:36.506638
1162154109,2026-09-19T02:08:37.980004
1167405775,2026-09-19T05:18:04.268791
1172657635,2026-09-19T07:35:40.783928
1177909093,2026-09-19T10:47:01.478629
1183160761,2026-09-19T13:44:26.663822
1188412315,2026-09-19T16:20:43.713204
1193664366,2026-09-19T19:30:37.341065
1198915845,2026-09-19T19:30:37.342191
1198916019,2026-09-19T21:52:20.016719
1204167827,2026-09-20T00:03:49.113821
1209419402,2026-09-20T02:49:43.455470
1214671356,2026-09-20T05:01:21.190640
1219922581,2026-09-20T08:40:05.962216
1225174575,2026-09-20T12:07:50.282149
1230426021,2026-09-20T12:32:41.332610
1235678044,2026-09-20T12:38:44.814332
1240929837,2026-09-20T12:44:47.982124
1246181721,2026-09-20T12:50:51.068435
1251433663,2026-09-20T12:56:54.103198
1256685656,2026-09-20T13:02:57.141636
1261937317,2026-09-20T13:02:57.142079
1261937491,2026-09-20T13:09:00.180025
1267189374,2026-09-20T13:15:02.649756
1272441087,2026-09-20T13:21:06.117442
1277692696,2026-09-20T13:27:09.390622
1282944413,2026-09-20T13:33:11.857260
1288196274,2026-09-20T13:39:15.401403
1293448179,2026-09-20T13:45:18.754197
1298700018,2026-09-20T13:51:21.819636
1303951784,2026-09-20T13:57:24.274880
1309203612,2026-09-20T14:03:27.692760
1314455908,2026-09-20T14:09:31.124519
1319723633,2026-09-20T14:15:33.495715
1324994294,2026-09-20T14:21:36.874701
1330265600,2026-09-20T14:27:40.219117
1335537004,2026-09-20T14:33:43.449960
1340808244,2026-09-20T14:39:46.507358
1346079647,2026-09-20T14:45:48.936446
1351350601,2026-09-20T14:51:52.348349
1356621664,2026-09-20T14:57:55.766343
1361892549,2026-09-20T15:03:59.159152
1367163825,2026-09-20T15:10:01.601448
1372434760,2026-09-20T15:16:05.024520
1377705879,2026-09-20T15:22:08.416889
1382977224,2026-09-20T15:28:10.852102
1388247742,2026-09-20T15:34:14.322916
1393518648,2026-09-20T15:40:17.928881
1398789931,2026-09-20T15:40:17.929588
1398790105,2026-09-20T15:46:21.128669
1404061261,2026-09-20T15:52:23.549341
1409332452,2026-09-20T15:58:26.986491
1414603719,2026-09-20T16:04:30.320727
1419875099,2026-09-20T16:10:33.392009
1425145952,2026-09-20T16:16:36.478066
1430417035,2026-09-20T16:22:36.872804
1435660299,2026-09-20T16:28:38.302367
1440903978,2026-09-20T16:34:39.720193
1446147586,2026-09-20T16:40:40.758013
1451391323,2026-09-20T16:46:41.687238
1456634974,2026-09-20T16:52:42.083120
1461878313,2026-09-20T16:58:43.455719
1467121625,2026-09-20T17:04:44.910260
1472365016,2026-09-20T17:10:46.165506
1477608674,2026-09-20T17:16:46.470548
1482851960,2026-09-20T17:22:48.029574
1488095437,2026-09-20T17:28:49.477186
1493338855,2026-09-20T17:34:50.686258
1498582674,2026-09-20T17:40:51.689425
1503826165,2026-09-20T17:46:52.115961
1509069405,2026-09-20T17:52:53.623119
1514313071,2026-09-20T17:58:54.923458
1519556798,2026-09-20T18:04:55.316740
1524800291,2026-09-20T18:10:56.752243
1530043380,2026-09-20T18:16:58.163530
1535286904,2026-09-20T18:22:58.799845
1540530062,2026-09-20T18:29:00.656324
1545773525,2026-09-20T18:35:01.770336
1551016687,2026-09-20T18:41:02.868361
1556259904,2026-09-20T18:47:03.932383
1561503330,2026-09-20T18:53:04.982005
1566746521,2026-09-20T18:59:05.467256
1571989744,2026-09-20T19:05:06.929566
1577233120,2026-09-20T19:11:07.201666
1582577367,2026-09-20T20:32:11.233633
